<html>
<body>
<pre>
<h1>µVision Build Log</h1>
<h2>Tool Versions:</h2>
IDE-Version: µVision V5.21.1.0
Copyright (C) 2016 ARM Ltd and ARM Germany GmbH. All rights reserved.
License Information: Jonathan Valvano, University of Texas, LIC=----
 
Tool Versions:
Toolchain:       MDK-Lite  Version: 5.21a
Toolchain Path:  E:\Keil_v5\ARM\ARMCC\Bin
C Compiler:      Armcc.exe V5.06 update 3 (build 300)
Assembler:       Armasm.exe V5.06 update 3 (build 300)
Linker/Locator:  ArmLink.exe V5.06 update 3 (build 300)
Library Manager: ArmAr.exe V5.06 update 3 (build 300)
Hex Converter:   FromElf.exe V5.06 update 3 (build 300)
CPU DLL:         SARMCM3.DLL V5.21a
Dialog DLL:      DCM.DLL V1.13.8.0
Target DLL:      CMSIS_AGDI.dll V1.26.5.0
Dialog DLL:      TCM.DLL V1.14.14.0
 
<h2>Project:</h2>
E:\Dropbox\apn176\RTBNpart2\MySetup\MSP432ValvanoWare\WorldShapers_MSP432\WorldShapers.uvprojx
Project File Date:  10/10/2016

<h2>Output:</h2>
*** Using Compiler 'V5.06 update 3 (build 300)', folder: 'E:\Keil_v5\ARM\ARMCC\Bin'
Build target 'WorldShapers'
assembling osasm.s...
compiling WorldShapers.c...
compiling CortexM.c...
compiling score.c...
assembling random.s...
compiling Sound.c...
compiling Profile.c...
compiling os.c...
compiling Texas.c...
compiling BSP.c...
assembling startup_msp432.s...
compiling system_msp432.c...
linking...
Program Size: Code=13676 RO-data=9200 RW-data=396 ZI-data=12188  
".\Objects\WolderShapers.axf" - 0 Error(s), 0 Warning(s).

<h2>Software Packages used:</h2>

Package Vendor: ARM
                http://www.keil.com/pack/ARM.CMSIS.4.5.0.pack
                ARM::CMSIS:CORE:4.3.0
                CMSIS (Cortex Microcontroller Software Interface Standard)
   * Component: CORE Version: 4.3.0

Package Vendor: TexasInstruments
                http://software-dl.ti.com/msp430/msp430_public_sw/mcu/msp430/mspkeil/latest/exports/TexasInstruments.MSP432.1.0.0.pack
                TexasInstruments::Device:Startup:1.0.0
                Device Family Pack for Texas Instruments MSP432 Family
   * Component: Startup Version: 1.0.0

<h2>Collection of Component include folders:</h2>
  E:\Dropbox\apn176\RTBNpart2\MySetup\MSP432ValvanoWare\WorldShapers_MSP432\RTE
  E:\Keil_v5\ARM\PACK\ARM\CMSIS\4.5.0\CMSIS\Include
  E:\Keil_v5\ARM\PACK\TexasInstruments\MSP432\1.0.0\Device\Include

<h2>Collection of Component Files used:</h2>

   * Component: ARM::CMSIS:CORE:4.3.0

   * Component: TexasInstruments::Device:Startup:1.0.0
      Source file:   Device\Source\startup_msp432.s
      Source file:   Device\Source\system_msp432.c
      Source file:   Templates\main.c
      Source file:   Templates\blinkLED.c
Build Time Elapsed:  00:00:04
</pre>
</body>
</html>
